add: 
a: 1.000000 1.000000 1.000000 1.000000 
b: 2.000000 2.000000 2.000000 2.000000 
c: 3.000000 3.000000 3.000000 3.000000 
minus: 
a: 3.000000 3.000000 3.000000 3.000000 
b: 2.000000 2.000000 2.000000 2.000000 
c: 1.000000 1.000000 1.000000 1.000000 
mult: 
a: 5.000000 5.000000 5.000000 5.000000 
b: 5.000000 5.000000 5.000000 5.000000 
c: 25.000000 25.000000 25.000000 25.000000 
divide: 
a: 100.000000 100.000000 100.000000 100.000000 
b: 50.000000 50.000000 50.000000 50.000000 
c: 2.000000 2.000000 2.000000 2.000000 
min: 
a: 25.000000 25.000000 25.000000 25.000000 
b: 150.000000 150.000000 150.000000 150.000000 
c: 25.000000 25.000000 25.000000 25.000000 
add2: 
a: 1.000000 1.000000 1.000000 1.000000 
b: 2.000000 2.000000 2.000000 2.000000 
c: 3.000000 3.000000 3.000000 3.000000 
