arithOpt1: 
a: 5.000000 5.000000 5.000000 5.000000 
arithOpt2: 
a: 1.000000 1.000000 1.000000 1.000000 
arithOpt3: 
a: 8.000000 8.000000 8.000000 8.000000 
arithOpt4: 
a: 0.500000 0.500000 0.500000 0.500000 
arithOpt5: 
a: 2.000000 2.000000 2.000000 2.000000 
arithOpt6: 
a: 1.000000 1.000000 1.000000 1.000000 
