assign: 
a: 1.000000 1.000000 1.000000 1.000000 
assignTwo: 
a: 2.000000 2.000000 2.000000 2.000000 
b: 4.000000 4.000000 4.000000 4.000000 
assignThree: 
a: 3.000000 3.000000 3.000000 3.000000 
b: 3.000000 3.000000 3.000000 3.000000 
assignFour: 
a: 2.000000 2.000000 2.000000 2.000000 
b: 2.000000 2.000000 2.000000 2.000000 
assignFive: 
a: 1.000000 1.000000 1.000000 1.000000 
b: 1.000000 1.000000 1.000000 1.000000 
assignSix: 
a: 3.000000 3.000000 3.000000 3.000000 
b: 4.000000 4.000000 4.000000 4.000000 
c: 1.000000 1.000000 1.000000 1.000000 
assignSeven: 
a: 3.000000 3.000000 3.000000 3.000000 
b: 1.000000 1.000000 1.000000 1.000000 
