complexOne: 
a: 0.000000 0.000000 0.000000 0.000000 
b: 0.000000 0.000000 0.000000 0.000000 
c: 0.000000 0.000000 0.000000 0.000000 
complexTwo: 
a: 0.000000 0.000000 0.000000 0.000000 
b: 0.000000 0.000000 0.000000 0.000000 
c: 0.000000 0.000000 0.000000 0.000000 
complexThree: 
a: 1.000000 1.000000 1.000000 1.000000 
b: 3.000000 3.000000 3.000000 3.000000 
c: 3.000000 3.000000 3.000000 3.000000 
