complexThree: 
a: 5.000000 5.000000 5.000000 5.000000 
b: 9.000000 9.000000 9.000000 9.000000 
c: 3.000000 3.000000 3.000000 3.000000 
