exprOne: 
a: 1.000000 1.000000 1.000000 1.000000 
exprTwo: 
a: 2.000000 2.000000 2.000000 2.000000 
b: 5.000000 5.000000 5.000000 5.000000 
exprThree: 
a: 5.000000 5.000000 5.000000 5.000000 
exprFour: 
a: 4.000000 4.000000 4.000000 4.000000 
b: 10.000000 10.000000 10.000000 10.000000 
