ident1: 
a: 2.000000 2.000000 2.000000 2.000000 
b: 2.000000 2.000000 2.000000 2.000000 
ident2: 
a: 0.000000 0.000000 0.000000 0.000000 
b: 1.000000 1.000000 1.000000 1.000000 
c: 2.000000 2.000000 2.000000 2.000000 
d: 3.000000 3.000000 3.000000 3.000000 
e: 4.000000 4.000000 4.000000 4.000000 
