ifOne: 
a: 4.000000 4.000000 4.000000 4.000000 
ifTwo: 
a: 5.000000 5.000000 5.000000 5.000000 
ifThree: 
a: 3.000000 3.000000 3.000000 3.000000 
ifFour: 
a: 3.000000 3.000000 3.000000 3.000000 
ifFive: 
a: 1.000000 1.000000 1.000000 1.000000 
ifSix: 
a: 5.000000 5.000000 5.000000 5.000000 
b: 10.000000 10.000000 10.000000 10.000000 
ifSeven: 
a: 2.000000 2.000000 2.000000 2.000000 
b: 25.000000 25.000000 25.000000 25.000000 
ifEight: 
a: 4.000000 4.000000 4.000000 4.000000 
