ifwhileOne: 
a: 0.000000 0.000000 0.000000 0.000000 
b: 0.000000 0.000000 0.000000 0.000000 
ifwhileTwo: 
a: 2.000000 2.000000 2.000000 2.000000 
b: 4.000000 4.000000 4.000000 4.000000 
