varOne: 
a: 0.000000 0.000000 0.000000 0.000000 
b: 0.000000 0.000000 0.000000 0.000000 
varTwo: 
a: 0.000000 0.000000 0.000000 0.000000 
b: 0.000000 0.000000 0.000000 0.000000 
varThree: 
a: 1.000000 1.000000 1.000000 1.000000 
b: 3.000000 3.000000 3.000000 3.000000 
