whileOne: 
a: 9.000000 9.000000 9.000000 9.000000 
whileTwo: 
a: 4.000000 4.000000 4.000000 4.000000 
whileThree: 
a: 1.000000 1.000000 1.000000 1.000000 
whileFour: 
a: 2.000000 2.000000 2.000000 2.000000 
b: 2.000000 2.000000 2.000000 2.000000 
whileFive: 
a: 2.000000 2.000000 2.000000 2.000000 
whileSix: 
a: 250000.000000 250000.000000 250000.000000 250000.000000 
Processor time used by program: 0.092149 sec.
